  SharpLink.Maintainability -> /home/runner/work/SharpLink/SharpLink/eng/SharpLink.Maintainability/bin/Release/net10.0/SharpLink.Maintainability.dll
  SharpLink.Abstractions -> /home/runner/work/SharpLink/SharpLink/src/SharpLink.Abstractions/bin/Release/net10.0/SharpLink.Abstractions.dll
  SharpLink.AotExternalPayloads -> /home/runner/work/SharpLink/SharpLink/test/SharpLink.AotExternalPayloads/bin/Release/net10.0/SharpLink.AotExternalPayloads.dll
  SharpLink.GeneratedAssemblyScanner -> /home/runner/work/SharpLink/SharpLink/test/SharpLink.GeneratedAssemblyScanner/bin/Release/net10.0/SharpLink.GeneratedAssemblyScanner.dll
  SharpLink.ReferencedCodecProvider -> /home/runner/work/SharpLink/SharpLink/test/SharpLink.ReferencedCodecProvider/bin/Release/net10.0/SharpLink.ReferencedCodecProvider.dll
  SharpLink.ModuleDependencyConsumer -> /home/runner/work/SharpLink/SharpLink/test/SharpLink.ModuleDependencyConsumer/bin/Release/net10.0/SharpLink.ModuleDependencyConsumer.dll
  SharpLink.RollbackPlugin -> /home/runner/work/SharpLink/SharpLink/test/SharpLink.RollbackPlugin/bin/Release/net10.0/SharpLink.RollbackPlugin.dll
  SharpLink.ReferencedCodecConsumer -> /home/runner/work/SharpLink/SharpLink/test/SharpLink.ReferencedCodecConsumer/bin/Release/net10.0/SharpLink.ReferencedCodecConsumer.dll
  SharpLink.Runtime -> /home/runner/work/SharpLink/SharpLink/src/SharpLink.Runtime/bin/Release/net10.0/SharpLink.Runtime.dll
  SharpLink.Serializer.SharpPack -> /home/runner/work/SharpLink/SharpLink/src/SharpLink.Serializer.SharpPack/bin/Release/net10.0/SharpLink.Serializer.SharpPack.dll
  SharpLink.Generator -> /home/runner/work/SharpLink/SharpLink/src/SharpLink.Generator/bin/Release/netstandard2.0/SharpLink.Generator.dll
/home/runner/work/SharpLink/SharpLink/src/SharpLink.Server/TransportExtensions.cs(31,13): error CS0103: The name 'ValidateTcpPort' does not exist in the current context [/home/runner/work/SharpLink/SharpLink/src/SharpLink.Server/SharpLink.Server.csproj]
/home/runner/work/SharpLink/SharpLink/src/SharpLink.Server/TransportExtensions.cs(32,13): error CS0103: The name 'ValidateBacklog' does not exist in the current context [/home/runner/work/SharpLink/SharpLink/src/SharpLink.Server/SharpLink.Server.csproj]
/home/runner/work/SharpLink/SharpLink/src/SharpLink.Server/TransportExtensions.cs(42,13): error CS0103: The name 'ValidateTcpPort' does not exist in the current context [/home/runner/work/SharpLink/SharpLink/src/SharpLink.Server/SharpLink.Server.csproj]
/home/runner/work/SharpLink/SharpLink/src/SharpLink.Server/TransportExtensions.cs(43,13): error CS0103: The name 'ValidateBacklog' does not exist in the current context [/home/runner/work/SharpLink/SharpLink/src/SharpLink.Server/SharpLink.Server.csproj]
/home/runner/work/SharpLink/SharpLink/src/SharpLink.Server/TransportExtensions.cs(54,13): error CS0103: The name 'ValidateTcpPort' does not exist in the current context [/home/runner/work/SharpLink/SharpLink/src/SharpLink.Server/SharpLink.Server.csproj]
/home/runner/work/SharpLink/SharpLink/src/SharpLink.Server/TransportExtensions.cs(55,13): error CS0103: The name 'ValidateBacklog' does not exist in the current context [/home/runner/work/SharpLink/SharpLink/src/SharpLink.Server/SharpLink.Server.csproj]
/home/runner/work/SharpLink/SharpLink/src/SharpLink.Server/TransportExtensions.cs(69,13): error CS0103: The name 'ValidateTcpPort' does not exist in the current context [/home/runner/work/SharpLink/SharpLink/src/SharpLink.Server/SharpLink.Server.csproj]
/home/runner/work/SharpLink/SharpLink/src/SharpLink.Server/TransportExtensions.cs(70,13): error CS0103: The name 'ValidateBacklog' does not exist in the current context [/home/runner/work/SharpLink/SharpLink/src/SharpLink.Server/SharpLink.Server.csproj]
/home/runner/work/SharpLink/SharpLink/src/SharpLink.Server/TransportExtensions.cs(90,13): error CS0103: The name 'ValidateTcpPort' does not exist in the current context [/home/runner/work/SharpLink/SharpLink/src/SharpLink.Server/SharpLink.Server.csproj]
/home/runner/work/SharpLink/SharpLink/src/SharpLink.Server/TransportExtensions.cs(91,13): error CS0103: The name 'ValidateBacklog' does not exist in the current context [/home/runner/work/SharpLink/SharpLink/src/SharpLink.Server/SharpLink.Server.csproj]
/home/runner/work/SharpLink/SharpLink/src/SharpLink.Server/TransportExtensions.cs(112,13): error CS0103: The name 'ValidateTcpPort' does not exist in the current context [/home/runner/work/SharpLink/SharpLink/src/SharpLink.Server/SharpLink.Server.csproj]
/home/runner/work/SharpLink/SharpLink/src/SharpLink.Server/TransportExtensions.cs(113,13): error CS0103: The name 'ValidateBacklog' does not exist in the current context [/home/runner/work/SharpLink/SharpLink/src/SharpLink.Server/SharpLink.Server.csproj]
  SharpLink.Compression.Zstd -> /home/runner/work/SharpLink/SharpLink/src/SharpLink.Compression.Zstd/bin/Release/net10.0/SharpLink.Compression.Zstd.dll
  SharpLink.Client -> /home/runner/work/SharpLink/SharpLink/src/SharpLink.Client/bin/Release/net10.0/SharpLink.Client.dll
  SharpLink.CodecCompatibility -> /home/runner/work/SharpLink/SharpLink/test/SharpLink.CodecCompatibility/bin/Release/net10.0/SharpLink.CodecCompatibility.dll
  SharpLink.Generator.Tests -> /home/runner/work/SharpLink/SharpLink/test/SharpLink.Generator.Tests/bin/Release/net10.0/SharpLink.Generator.Tests.dll
  SharpLink.Sdk -> /home/runner/work/SharpLink/SharpLink/src/SharpLink.Sdk/bin/Release/net10.0/SharpLink.Sdk.dll
  SharpLink.ZstdAotSmoke -> /home/runner/work/SharpLink/SharpLink/test/SharpLink.ZstdAotSmoke/bin/Release/net10.0/SharpLink.ZstdAotSmoke.dll
  SeparatedContracts -> /home/runner/work/SharpLink/SharpLink/demo/SeparatedContracts/bin/Release/net10.0/SeparatedContracts.dll
  QuickStart.Contracts -> /home/runner/work/SharpLink/SharpLink/samples/QuickStart.Contracts/bin/Release/net10.0/QuickStart.Contracts.dll
  SharpLink.DynamicContracts -> /home/runner/work/SharpLink/SharpLink/test/SharpLink.DynamicContracts/bin/Release/net10.0/SharpLink.DynamicPlugin.Contracts.dll
  MultiCluster.Payments.Contracts -> /home/runner/work/SharpLink/SharpLink/demo/MultiCluster.Payments.Contracts/bin/Release/net10.0/MultiCluster.Payments.Contracts.dll
  SharpLink.ReplacementContracts -> /home/runner/work/SharpLink/SharpLink/test/SharpLink.ReplacementContracts/bin/Release/net10.0/SharpLink.DynamicPlugin.Contracts.dll
  MultiCluster.Orders.Contracts -> /home/runner/work/SharpLink/SharpLink/demo/MultiCluster.Orders.Contracts/bin/Release/net10.0/MultiCluster.Orders.Contracts.dll
  SharpLink.AotContracts -> /home/runner/work/SharpLink/SharpLink/test/SharpLink.AotContracts/bin/Release/net10.0/SharpLink.AotContracts.dll
  ProductionTemplate.Contracts -> /home/runner/work/SharpLink/SharpLink/samples/ProductionTemplate.Contracts/bin/Release/net10.0/ProductionTemplate.Contracts.dll
  QuickStart.Client -> /home/runner/work/SharpLink/SharpLink/samples/QuickStart.Client/bin/Release/net10.0/QuickStart.Client.dll
  SharpLink.AotServices -> /home/runner/work/SharpLink/SharpLink/test/SharpLink.AotServices/bin/Release/net10.0/SharpLink.AotServices.dll
  SharpLink.ReplacementServices -> /home/runner/work/SharpLink/SharpLink/test/SharpLink.ReplacementServices/bin/Release/net10.0/SharpLink.DynamicPlugin.Services.dll
  ProductionTemplate.Client -> /home/runner/work/SharpLink/SharpLink/samples/ProductionTemplate.Client/bin/Release/net10.0/ProductionTemplate.Client.dll
  SharpLink.DynamicServices -> /home/runner/work/SharpLink/SharpLink/test/SharpLink.DynamicServices/bin/Release/net10.0/SharpLink.DynamicPlugin.Services.dll

Build FAILED.

/home/runner/work/SharpLink/SharpLink/src/SharpLink.Server/TransportExtensions.cs(31,13): error CS0103: The name 'ValidateTcpPort' does not exist in the current context [/home/runner/work/SharpLink/SharpLink/src/SharpLink.Server/SharpLink.Server.csproj]
/home/runner/work/SharpLink/SharpLink/src/SharpLink.Server/TransportExtensions.cs(32,13): error CS0103: The name 'ValidateBacklog' does not exist in the current context [/home/runner/work/SharpLink/SharpLink/src/SharpLink.Server/SharpLink.Server.csproj]
/home/runner/work/SharpLink/SharpLink/src/SharpLink.Server/TransportExtensions.cs(42,13): error CS0103: The name 'ValidateTcpPort' does not exist in the current context [/home/runner/work/SharpLink/SharpLink/src/SharpLink.Server/SharpLink.Server.csproj]
/home/runner/work/SharpLink/SharpLink/src/SharpLink.Server/TransportExtensions.cs(43,13): error CS0103: The name 'ValidateBacklog' does not exist in the current context [/home/runner/work/SharpLink/SharpLink/src/SharpLink.Server/SharpLink.Server.csproj]
/home/runner/work/SharpLink/SharpLink/src/SharpLink.Server/TransportExtensions.cs(54,13): error CS0103: The name 'ValidateTcpPort' does not exist in the current context [/home/runner/work/SharpLink/SharpLink/src/SharpLink.Server/SharpLink.Server.csproj]
/home/runner/work/SharpLink/SharpLink/src/SharpLink.Server/TransportExtensions.cs(55,13): error CS0103: The name 'ValidateBacklog' does not exist in the current context [/home/runner/work/SharpLink/SharpLink/src/SharpLink.Server/SharpLink.Server.csproj]
/home/runner/work/SharpLink/SharpLink/src/SharpLink.Server/TransportExtensions.cs(69,13): error CS0103: The name 'ValidateTcpPort' does not exist in the current context [/home/runner/work/SharpLink/SharpLink/src/SharpLink.Server/SharpLink.Server.csproj]
/home/runner/work/SharpLink/SharpLink/src/SharpLink.Server/TransportExtensions.cs(70,13): error CS0103: The name 'ValidateBacklog' does not exist in the current context [/home/runner/work/SharpLink/SharpLink/src/SharpLink.Server/SharpLink.Server.csproj]
/home/runner/work/SharpLink/SharpLink/src/SharpLink.Server/TransportExtensions.cs(90,13): error CS0103: The name 'ValidateTcpPort' does not exist in the current context [/home/runner/work/SharpLink/SharpLink/src/SharpLink.Server/SharpLink.Server.csproj]
/home/runner/work/SharpLink/SharpLink/src/SharpLink.Server/TransportExtensions.cs(91,13): error CS0103: The name 'ValidateBacklog' does not exist in the current context [/home/runner/work/SharpLink/SharpLink/src/SharpLink.Server/SharpLink.Server.csproj]
/home/runner/work/SharpLink/SharpLink/src/SharpLink.Server/TransportExtensions.cs(112,13): error CS0103: The name 'ValidateTcpPort' does not exist in the current context [/home/runner/work/SharpLink/SharpLink/src/SharpLink.Server/SharpLink.Server.csproj]
/home/runner/work/SharpLink/SharpLink/src/SharpLink.Server/TransportExtensions.cs(113,13): error CS0103: The name 'ValidateBacklog' does not exist in the current context [/home/runner/work/SharpLink/SharpLink/src/SharpLink.Server/SharpLink.Server.csproj]
    0 Warning(s)
    12 Error(s)

Time Elapsed 00:00:13.12
